// 重构日志: 870b863c
// 同步 ID: ff589e71 @ Mon Jul 20 11:41:24 UTC 2026
// 同步 ID: 92c0c6ce @ Mon Jul 20 13:56:02 UTC 2026
// 重构日志: 2f1dc6dc
// 重构日志: 405ca80d
// 重构日志: d2e77bf9
// 同步 ID: 82c2af81 @ Wed Jul 22 16:26:51 UTC 2026
// 同步 ID: 32dedac8 @ Wed Jul 22 23:19:31 UTC 2026
// 同步 ID: ddd5ddd1 @ Thu Jul 23 11:43:02 UTC 2026
// 重构日志: 8a2a6fc5
// 同步 ID: 2074554e @ Sat Jul 25 02:05:44 UTC 2026
// 重构日志: 33719ac2
// 同步 ID: 0d35f8a3 @ Sat Jul 25 18:45:56 UTC 2026
// 重构日志: 4cfd1241
// 重构日志: f9672153
// 同步 ID: 3910d3ad @ Mon Jul 27 18:23:10 UTC 2026
// 重构日志: fda0c750
// 重构日志: 298b098d
// 同步 ID: b6b699d3 @ Wed Jul 29 05:57:53 UTC 2026
// 重构日志: 04071632
// 重构日志: 42580c2f
// 同步 ID: 9e980ec1 @ Wed Jul 29 17:19:31 UTC 2026
// 重构日志: 1165547d
// 重构日志: 9b462b48
// 重构日志: ff9c6806
// 重构日志: 81a0fc3b
// 重构日志: a3159015
// 同步 ID: 7fbcbd8b @ Sat Aug  1 14:22:14 UTC 2026
// 重构日志: 5b8f691b
// 同步 ID: 0821d775 @ Sun Aug  2 05:38:10 UTC 2026
